[INFO] Scanning for projects...
[INFO] 
[INFO] -----------------------< com.arushr:rentreturn >------------------------
[INFO] Building rentreturn 0.0.1-SNAPSHOT
[INFO]   from pom.xml
[INFO] --------------------------------[ jar ]---------------------------------
[INFO] 
[INFO] --- clean:3.4.1:clean (default-clean) @ rentreturn ---
[INFO] Deleting /home/arushr/Documents/PROJECTS/rent-and-return/backend/target
[INFO] 
[INFO] --- resources:3.3.1:resources (default-resources) @ rentreturn ---
[INFO] Copying 1 resource from src/main/resources to target/classes
[INFO] Copying 3 resources from src/main/resources to target/classes
[INFO] 
[INFO] --- compiler:3.14.0:compile (default-compile) @ rentreturn ---
[INFO] Recompiling the module because of changed source code.
[INFO] Compiling 76 source files with javac [debug parameters release 17] to target/classes
[WARNING] /home/arushr/Documents/PROJECTS/rent-and-return/backend/src/main/java/com/arushr/rentreturn/model/Address.java:[60,21] @Builder will ignore the initializing expression entirely. If you want the initializing expression to serve as default, add @Builder.Default. If it is not supposed to be settable during building, make the field final.
[WARNING] /home/arushr/Documents/PROJECTS/rent-and-return/backend/src/main/java/com/arushr/rentreturn/model/Token.java:[41,23] @Builder will ignore the initializing expression entirely. If you want the initializing expression to serve as default, add @Builder.Default. If it is not supposed to be settable during building, make the field final.
[WARNING] /home/arushr/Documents/PROJECTS/rent-and-return/backend/src/main/java/com/arushr/rentreturn/model/Token.java:[44,21] @Builder will ignore the initializing expression entirely. If you want the initializing expression to serve as default, add @Builder.Default. If it is not supposed to be settable during building, make the field final.
[WARNING] /home/arushr/Documents/PROJECTS/rent-and-return/backend/src/main/java/com/arushr/rentreturn/model/Token.java:[47,21] @Builder will ignore the initializing expression entirely. If you want the initializing expression to serve as default, add @Builder.Default. If it is not supposed to be settable during building, make the field final.
[WARNING] /home/arushr/Documents/PROJECTS/rent-and-return/backend/src/main/java/com/arushr/rentreturn/model/Rental.java:[45,26] @Builder will ignore the initializing expression entirely. If you want the initializing expression to serve as default, add @Builder.Default. If it is not supposed to be settable during building, make the field final.
[INFO] /home/arushr/Documents/PROJECTS/rent-and-return/backend/src/main/java/com/arushr/rentreturn/config/SecurityConfig.java: /home/arushr/Documents/PROJECTS/rent-and-return/backend/src/main/java/com/arushr/rentreturn/config/SecurityConfig.java uses or overrides a deprecated API.
[INFO] /home/arushr/Documents/PROJECTS/rent-and-return/backend/src/main/java/com/arushr/rentreturn/config/SecurityConfig.java: Recompile with -Xlint:deprecation for details.
[INFO] 
[INFO] --- resources:3.3.1:testResources (default-testResources) @ rentreturn ---
[INFO] skip non existing resourceDirectory /home/arushr/Documents/PROJECTS/rent-and-return/backend/src/test/resources
[INFO] 
[INFO] --- compiler:3.14.0:testCompile (default-testCompile) @ rentreturn ---
[INFO] Recompiling the module because of changed dependency.
[INFO] 
[INFO] --- surefire:3.5.3:test (default-test) @ rentreturn ---
[INFO] 
[INFO] --- jar:3.4.2:jar (default-jar) @ rentreturn ---
[INFO] Building jar: /home/arushr/Documents/PROJECTS/rent-and-return/backend/target/rentreturn-0.0.1-SNAPSHOT.jar
[INFO] 
[INFO] --- spring-boot:3.5.0:repackage (repackage) @ rentreturn ---
[INFO] Replacing main artifact /home/arushr/Documents/PROJECTS/rent-and-return/backend/target/rentreturn-0.0.1-SNAPSHOT.jar with repackaged archive, adding nested dependencies in BOOT-INF/.
[INFO] The original artifact has been renamed to /home/arushr/Documents/PROJECTS/rent-and-return/backend/target/rentreturn-0.0.1-SNAPSHOT.jar.original
[INFO] ------------------------------------------------------------------------
[INFO] BUILD SUCCESS
[INFO] ------------------------------------------------------------------------
[INFO] Total time:  22.972 s
[INFO] Finished at: 2025-07-23T12:31:27+05:30
[INFO] ------------------------------------------------------------------------
